Archive member included to satisfy reference by file (symbol)

c:/st/stm32cubeide_1.7.0/stm32cubeide/plugins/com.st.stm32cube.ide.mcu.externaltools.gnu-tools-for-stm32.9-2020-q2-update.win32_2.0.0.202105311346/tools/bin/../lib/gcc/arm-none-eabi/9.3.1/../../../../arm-none-eabi/lib/thumb/v7-m/nofp\libc_nano.a(lib_a-errno.o)
                              ./Core/Src/syscalls.o (__errno)
c:/st/stm32cubeide_1.7.0/stm32cubeide/plugins/com.st.stm32cube.ide.mcu.externaltools.gnu-tools-for-stm32.9-2020-q2-update.win32_2.0.0.202105311346/tools/bin/../lib/gcc/arm-none-eabi/9.3.1/../../../../arm-none-eabi/lib/thumb/v7-m/nofp\libc_nano.a(lib_a-exit.o)
                              c:/st/stm32cubeide_1.7.0/stm32cubeide/plugins/com.st.stm32cube.ide.mcu.externaltools.gnu-tools-for-stm32.9-2020-q2-update.win32_2.0.0.202105311346/tools/bin/../lib/gcc/arm-none-eabi/9.3.1/../../../../arm-none-eabi/lib/thumb/v7-m/nofp/crt0.o (exit)
c:/st/stm32cubeide_1.7.0/stm32cubeide/plugins/com.st.stm32cube.ide.mcu.externaltools.gnu-tools-for-stm32.9-2020-q2-update.win32_2.0.0.202105311346/tools/bin/../lib/gcc/arm-none-eabi/9.3.1/../../../../arm-none-eabi/lib/thumb/v7-m/nofp\libc_nano.a(lib_a-impure.o)
                              c:/st/stm32cubeide_1.7.0/stm32cubeide/plugins/com.st.stm32cube.ide.mcu.externaltools.gnu-tools-for-stm32.9-2020-q2-update.win32_2.0.0.202105311346/tools/bin/../lib/gcc/arm-none-eabi/9.3.1/../../../../arm-none-eabi/lib/thumb/v7-m/nofp\libc_nano.a(lib_a-exit.o) (_global_impure_ptr)
c:/st/stm32cubeide_1.7.0/stm32cubeide/plugins/com.st.stm32cube.ide.mcu.externaltools.gnu-tools-for-stm32.9-2020-q2-update.win32_2.0.0.202105311346/tools/bin/../lib/gcc/arm-none-eabi/9.3.1/../../../../arm-none-eabi/lib/thumb/v7-m/nofp\libc_nano.a(lib_a-init.o)
                              c:/st/stm32cubeide_1.7.0/stm32cubeide/plugins/com.st.stm32cube.ide.mcu.externaltools.gnu-tools-for-stm32.9-2020-q2-update.win32_2.0.0.202105311346/tools/bin/../lib/gcc/arm-none-eabi/9.3.1/../../../../arm-none-eabi/lib/thumb/v7-m/nofp/crt0.o (__libc_init_array)
c:/st/stm32cubeide_1.7.0/stm32cubeide/plugins/com.st.stm32cube.ide.mcu.externaltools.gnu-tools-for-stm32.9-2020-q2-update.win32_2.0.0.202105311346/tools/bin/../lib/gcc/arm-none-eabi/9.3.1/../../../../arm-none-eabi/lib/thumb/v7-m/nofp\libc_nano.a(lib_a-memcmp.o)
                              ./Core/Src/main.o (memcmp)
c:/st/stm32cubeide_1.7.0/stm32cubeide/plugins/com.st.stm32cube.ide.mcu.externaltools.gnu-tools-for-stm32.9-2020-q2-update.win32_2.0.0.202105311346/tools/bin/../lib/gcc/arm-none-eabi/9.3.1/../../../../arm-none-eabi/lib/thumb/v7-m/nofp\libc_nano.a(lib_a-memset.o)
                              c:/st/stm32cubeide_1.7.0/stm32cubeide/plugins/com.st.stm32cube.ide.mcu.externaltools.gnu-tools-for-stm32.9-2020-q2-update.win32_2.0.0.202105311346/tools/bin/../lib/gcc/arm-none-eabi/9.3.1/../../../../arm-none-eabi/lib/thumb/v7-m/nofp/crt0.o (memset)
c:/st/stm32cubeide_1.7.0/stm32cubeide/plugins/com.st.stm32cube.ide.mcu.externaltools.gnu-tools-for-stm32.9-2020-q2-update.win32_2.0.0.202105311346/tools/bin/../lib/gcc/arm-none-eabi/9.3.1/../../../../arm-none-eabi/lib/thumb/v7-m/nofp\libc_nano.a(lib_a-strlen.o)
                              ./Core/Src/main.o (strlen)

Allocating common symbols
Common symbol       size              file

huart3              0x48              ./Core/Src/main.o
hcrc                0x8               ./Core/Src/main.o
uwTick              0x4               ./Drivers/STM32F1xx_HAL_Driver/Src/stm32f1xx_hal.o
pFlash              0x20              ./Drivers/STM32F1xx_HAL_Driver/Src/stm32f1xx_hal_flash.o
huart1              0x48              ./Core/Src/main.o
huart2              0x48              ./Core/Src/main.o
bl_rx_buffer        0xc8              ./Core/Src/main.o

Discarded input sections

 .text          0x0000000000000000        0x0 c:/st/stm32cubeide_1.7.0/stm32cubeide/plugins/com.st.stm32cube.ide.mcu.externaltools.gnu-tools-for-stm32.9-2020-q2-update.win32_2.0.0.202105311346/tools/bin/../lib/gcc/arm-none-eabi/9.3.1/thumb/v7-m/nofp/crti.o
 .data          0x0000000000000000        0x0 c:/st/stm32cubeide_1.7.0/stm32cubeide/plugins/com.st.stm32cube.ide.mcu.externaltools.gnu-tools-for-stm32.9-2020-q2-update.win32_2.0.0.202105311346/tools/bin/../lib/gcc/arm-none-eabi/9.3.1/thumb/v7-m/nofp/crti.o
 .bss           0x0000000000000000        0x0 c:/st/stm32cubeide_1.7.0/stm32cubeide/plugins/com.st.stm32cube.ide.mcu.externaltools.gnu-tools-for-stm32.9-2020-q2-update.win32_2.0.0.202105311346/tools/bin/../lib/gcc/arm-none-eabi/9.3.1/thumb/v7-m/nofp/crti.o
 .data          0x0000000000000000        0x4 c:/st/stm32cubeide_1.7.0/stm32cubeide/plugins/com.st.stm32cube.ide.mcu.externaltools.gnu-tools-for-stm32.9-2020-q2-update.win32_2.0.0.202105311346/tools/bin/../lib/gcc/arm-none-eabi/9.3.1/thumb/v7-m/nofp/crtbegin.o
[...]
Memory Configuration

Name             Origin             Length             Attributes
RAM              0x0000000020000000 0x0000000000005000 xrw
FLASH            0x0000000008000000 0x0000000000020000 xr
*default*        0x0000000000000000 0xffffffffffffffff

Linker script and memory map

LOAD c:/st/stm32cubeide_1.7.0/stm32cubeide/plugins/com.st.stm32cube.ide.mcu.externaltools.gnu-tools-for-stm32.9-2020-q2-update.win32_2.0.0.202105311346/tools/bin/../lib/gcc/arm-none-eabi/9.3.1/thumb/v7-m/nofp/crti.o
LOAD c:/st/stm32cubeide_1.7.0/stm32cubeide/plugins/com.st.stm32cube.ide.mcu.externaltools.gnu-tools-for-stm32.9-2020-q2-update.win32_2.0.0.202105311346/tools/bin/../lib/gcc/arm-none-eabi/9.3.1/thumb/v7-m/nofp/crtbegin.o
LOAD c:/st/stm32cubeide_1.7.0/stm32cubeide/plugins/com.st.stm32cube.ide.mcu.externaltools.gnu-tools-for-stm32.9-2020-q2-update.win32_2.0.0.202105311346/tools/bin/../lib/gcc/arm-none-eabi/9.3.1/../../../../arm-none-eabi/lib/thumb/v7-m/nofp/crt0.o
LOAD ./Core/Src/main.o
LOAD ./Core/Src/sha256.o
LOAD ./Core/Src/stm32f1xx_hal_msp.o
LOAD ./Core/Src/stm32f1xx_it.o
LOAD ./Core/Src/syscalls.o
LOAD ./Core/Src/sysmem.o
LOAD ./Core/Src/system_stm32f1xx.o
LOAD ./Core/Startup/startup_stm32f103rbtx.o
LOAD ./Drivers/STM32F1xx_HAL_Driver/Src/stm32f1xx_hal.o
LOAD ./Drivers/STM32F1xx_HAL_Driver/Src/stm32f1xx_hal_cortex.o
LOAD ./Drivers/STM32F1xx_HAL_Driver/Src/stm32f1xx_hal_crc.o
LOAD ./Drivers/STM32F1xx_HAL_Driver/Src/stm32f1xx_hal_dma.o
LOAD ./Drivers/STM32F1xx_HAL_Driver/Src/stm32f1xx_hal_exti.o
LOAD ./Drivers/STM32F1xx_HAL_Driver/Src/stm32f1xx_hal_flash.o
LOAD ./Drivers/STM32F1xx_HAL_Driver/Src/stm32f1xx_hal_flash_ex.o
LOAD ./Drivers/STM32F1xx_HAL_Driver/Src/stm32f1xx_hal_gpio.o
LOAD ./Drivers/STM32F1xx_HAL_Driver/Src/stm32f1xx_hal_gpio_ex.o
LOAD ./Drivers/STM32F1xx_HAL_Driver/Src/stm32f1xx_hal_pwr.o
LOAD ./Drivers/STM32F1xx_HAL_Driver/Src/stm32f1xx_hal_rcc.o
LOAD ./Drivers/STM32F1xx_HAL_Driver/Src/stm32f1xx_hal_rcc_ex.o
LOAD ./Drivers/STM32F1xx_HAL_Driver/Src/stm32f1xx_hal_tim.o
LOAD ./Drivers/STM32F1xx_HAL_Driver/Src/stm32f1xx_hal_tim_ex.o
LOAD ./Drivers/STM32F1xx_HAL_Driver/Src/stm32f1xx_hal_uart.o
START GROUP
LOAD c:/st/stm32cubeide_1.7.0/stm32cubeide/plugins/com.st.stm32cube.ide.mcu.externaltools.gnu-tools-for-stm32.9-2020-q2-update.win32_2.0.0.202105311346/tools/bin/../lib/gcc/arm-none-eabi/9.3.1/../../../../arm-none-eabi/lib/thumb/v7-m/nofp\libc_nano.a
LOAD c:/st/stm32cubeide_1.7.0/stm32cubeide/plugins/com.st.stm32cube.ide.mcu.externaltools.gnu-tools-for-stm32.9-2020-q2-update.win32_2.0.0.202105311346/tools/bin/../lib/gcc/arm-none-eabi/9.3.1/../../../../arm-none-eabi/lib/thumb/v7-m/nofp\libm.a
END GROUP
START GROUP
LOAD c:/st/stm32cubeide_1.7.0/stm32cubeide/plugins/com.st.stm32cube.ide.mcu.externaltools.gnu-tools-for-stm32.9-2020-q2-update.win32_2.0.0.202105311346/tools/bin/../lib/gcc/arm-none-eabi/9.3.1/thumb/v7-m/nofp\libgcc.a
LOAD c:/st/stm32cubeide_1.7.0/stm32cubeide/plugins/com.st.stm32cube.ide.mcu.externaltools.gnu-tools-for-stm32.9-2020-q2-update.win32_2.0.0.202105311346/tools/bin/../lib/gcc/arm-none-eabi/9.3.1/../../../../arm-none-eabi/lib/thumb/v7-m/nofp\libc_nano.a
END GROUP
START GROUP
LOAD c:/st/stm32cubeide_1.7.0/stm32cubeide/plugins/com.st.stm32cube.ide.mcu.externaltools.gnu-tools-for-stm32.9-2020-q2-update.win32_2.0.0.202105311346/tools/bin/../lib/gcc/arm-none-eabi/9.3.1/thumb/v7-m/nofp\libgcc.a
LOAD c:/st/stm32cubeide_1.7.0/stm32cubeide/plugins/com.st.stm32cube.ide.mcu.externaltools.gnu-tools-for-stm32.9-2020-q2-update.win32_2.0.0.202105311346/tools/bin/../lib/gcc/arm-none-eabi/9.3.1/../../../../arm-none-eabi/lib/thumb/v7-m/nofp\libc_nano.a
LOAD c:/st/stm32cubeide_1.7.0/stm32cubeide/plugins/com.st.stm32cube.ide.mcu.externaltools.gnu-tools-for-stm32.9-2020-q2-update.win32_2.0.0.202105311346/tools/bin/../lib/gcc/arm-none-eabi/9.3.1/../../../../arm-none-eabi/lib/thumb/v7-m/nofp\libnosys.a
END GROUP
START GROUP
LOAD c:/st/stm32cubeide_1.7.0/stm32cubeide/plugins/com.st.stm32cube.ide.mcu.externaltools.gnu-tools-for-stm32.9-2020-q2-update.win32_2.0.0.202105311346/tools/bin/../lib/gcc/arm-none-eabi/9.3.1/thumb/v7-m/nofp\libgcc.a
LOAD c:/st/stm32cubeide_1.7.0/stm32cubeide/plugins/com.st.stm32cube.ide.mcu.externaltools.gnu-tools-for-stm32.9-2020-q2-update.win32_2.0.0.202105311346/tools/bin/../lib/gcc/arm-none-eabi/9.3.1/../../../../arm-none-eabi/lib/thumb/v7-m/nofp\libc_nano.a
LOAD c:/st/stm32cubeide_1.7.0/stm32cubeide/plugins/com.st.stm32cube.ide.mcu.externaltools.gnu-tools-for-stm32.9-2020-q2-update.win32_2.0.0.202105311346/tools/bin/../lib/gcc/arm-none-eabi/9.3.1/../../../../arm-none-eabi/lib/thumb/v7-m/nofp\libnosys.a
END GROUP
LOAD c:/st/stm32cubeide_1.7.0/stm32cubeide/plugins/com.st.stm32cube.ide.mcu.externaltools.gnu-tools-for-stm32.9-2020-q2-update.win32_2.0.0.202105311346/tools/bin/../lib/gcc/arm-none-eabi/9.3.1/thumb/v7-m/nofp/crtend.o
LOAD c:/st/stm32cubeide_1.7.0/stm32cubeide/plugins/com.st.stm32cube.ide.mcu.externaltools.gnu-tools-for-stm32.9-2020-q2-update.win32_2.0.0.202105311346/tools/bin/../lib/gcc/arm-none-eabi/9.3.1/thumb/v7-m/nofp/crtn.o
                0x0000000020005000                _estack = (ORIGIN (RAM) + LENGTH (RAM))
                0x0000000000000200                _Min_Heap_Size = 0x200
                0x0000000000000400                _Min_Stack_Size = 0x400

.isr_vector     0x0000000008000000      0x10c
                0x0000000008000000                . = ALIGN (0x4)
 *(.isr_vector)
 .isr_vector    0x0000000008000000      0x10c ./Core/Startup/startup_stm32f103rbtx.o
                0x0000000008000000                g_pfnVectors
                0x000000000800010c                . = ALIGN (0x4)

.text           0x000000000800010c     0x2c3c
                0x000000000800010c                . = ALIGN (0x4)
 *(.text)
 .text          0x000000000800010c       0x40 c:/st/stm32cubeide_1.7.0/stm32cubeide/plugins/com.st.stm32cube.ide.mcu.externaltools.gnu-tools-for-stm32.9-2020-q2-update.win32_2.0.0.202105311346/tools/bin/../lib/gcc/arm-none-eabi/9.3.1/thumb/v7-m/nofp/crtbegin.o
 .text          0x000000000800014c       0x10 c:/st/stm32cubeide_1.7.0/stm32cubeide/plugins/com.st.stm32cube.ide.mcu.externaltools.gnu-tools-for-stm32.9-2020-q2-update.win32_2.0.0.202105311346/tools/bin/../lib/gcc/arm-none-eabi/9.3.1/../../../../arm-none-eabi/lib/thumb/v7-m/nofp\libc_nano.a(lib_a-strlen.o)
                0x000000000800014c                strlen
 *(.text*)
 .text.bootloader_store_sha256
                0x000000000800015c       0x34 ./Core/Src/main.o
                0x000000000800015c                bootloader_store_sha256
 .text.send_uart_message
                0x0000000008000190       0x2c ./Core/Src/main.o
                0x0000000008000190                send_uart_message
 .text.bootloader_uart_read_data
                0x00000000080001bc       0xac ./Core/Src/main.o
                0x00000000080001bc                bootloader_uart_read_data
 .text.bootloader_jump_to_user_app
                0x0000000008000268       0x74 ./Core/Src/main.o
                0x0000000008000268                bootloader_jump_to_user_app
 .text.main     0x00000000080002dc       0x38 ./Core/Src/main.o
                0x00000000080002dc                main
 .text.SystemClock_Config
                0x0000000008000314       0x76 ./Core/Src/main.o
                0x0000000008000314                SystemClock_Config
 *fill*         0x000000000800038a        0x2 
 .text.MX_CRC_Init
                0x000000000800038c       0x28 ./Core/Src/main.o
 .text.MX_USART2_UART_Init
                0x00000000080003b4       0x54 ./Core/Src/main.o
 .text.MX_GPIO_Init
                0x0000000008000408       0xc8 ./Core/Src/main.o
 .text.bootloader_handle_getver_cmd
                0x00000000080004d0       0x60 ./Core/Src/main.o
                0x00000000080004d0                bootloader_handle_getver_cmd
 .text.bootloader_handle_gethelp_cmd
                0x0000000008000530       0x5c ./Core/Src/main.o
                0x0000000008000530                bootloader_handle_gethelp_cmd
 .text.bootloader_handle_getcid_cmd
                0x000000000800058c       0x64 ./Core/Src/main.o
                0x000000000800058c                bootloader_handle_getcid_cmd
 .text.bootloader_handle_getrdp_cmd
                0x00000000080005f0       0x60 ./Core/Src/main.o
                0x00000000080005f0                bootloader_handle_getrdp_cmd
 .text.verify_firmware_sha256
                0x0000000008000650       0x6c ./Core/Src/main.o
                0x0000000008000650                verify_firmware_sha256
 .text.bootloader_handle_go_cmd
                0x00000000080006bc      0x120 ./Core/Src/main.o
                0x00000000080006bc                bootloader_handle_go_cmd
 .text.bootloader_handle_flash_erase_cmd
                0x00000000080007dc       0x7c ./Core/Src/main.o
                0x00000000080007dc                bootloader_handle_flash_erase_cmd
 .text.bootloader_handle_mem_write_cmd
                0x0000000008000858       0x84 ./Core/Src/main.o
                0x0000000008000858                bootloader_handle_mem_write_cmd
 .text.execute_mem_write
                0x00000000080008dc       0x82 ./Core/Src/main.o
                0x00000000080008dc                execute_mem_write
 *fill*         0x000000000800095e        0x2 
 .text.bootloader_send_ack
                0x0000000008000960       0x34 ./Core/Src/main.o
                0x0000000008000960                bootloader_send_ack
 .text.bootloader_send_nack
                0x0000000008000994       0x24 ./Core/Src/main.o
                0x0000000008000994                bootloader_send_nack
 .text.bootloader_verify_crc
                0x00000000080009b8       0x68 ./Core/Src/main.o
                0x00000000080009b8                bootloader_verify_crc
 .text.get_bootloader_version
                0x0000000008000a20        0xe ./Core/Src/main.o
                0x0000000008000a20                get_bootloader_version
 *fill*         0x0000000008000a2e        0x2 
 .text.bootloader_uart_write_data
                0x0000000008000a30       0x28 ./Core/Src/main.o
                0x0000000008000a30                bootloader_uart_write_data
 .text.get_mcu_chip_id
                0x0000000008000a58       0x24 ./Core/Src/main.o
                0x0000000008000a58                get_mcu_chip_id
 .text.get_flash_rdp_level
                0x0000000008000a7c       0x28 ./Core/Src/main.o
                0x0000000008000a7c                get_flash_rdp_level
 .text.verify_address
                0x0000000008000aa4       0x5c ./Core/Src/main.o
                0x0000000008000aa4                verify_address
 .text.erase_flash_page
                0x0000000008000b00       0x5a ./Core/Src/main.o
                0x0000000008000b00                erase_flash_page
 .text.Error_Handler
                0x0000000008000b5a        0xa ./Core/Src/main.o
                0x0000000008000b5a                Error_Handler
 .text.sha256_transform
                0x0000000008000b64      0x330 ./Core/Src/sha256.o
                0x0000000008000b64                sha256_transform
 .text.sha256_init
                0x0000000008000e94       0x78 ./Core/Src/sha256.o
                0x0000000008000e94                sha256_init
 .text.sha256_update
                0x0000000008000f0c       0x70 ./Core/Src/sha256.o
                0x0000000008000f0c                sha256_update
 .text.sha256_final
                0x0000000008000f7c      0x262 ./Core/Src/sha256.o
                0x0000000008000f7c                sha256_final
 *fill*         0x00000000080011de        0x2 
 .text.HAL_MspInit
                0x00000000080011e0       0x64 ./Core/Src/stm32f1xx_hal_msp.o
                0x00000000080011e0                HAL_MspInit
 .text.HAL_CRC_MspInit
                0x0000000008001244       0x3c ./Core/Src/stm32f1xx_hal_msp.o
                0x0000000008001244                HAL_CRC_MspInit
 .text.HAL_UART_MspInit
                0x0000000008001280      0x180 ./Core/Src/stm32f1xx_hal_msp.o
                0x0000000008001280                HAL_UART_MspInit
 .text.NMI_Handler
                0x0000000008001400        0x6 ./Core/Src/stm32f1xx_it.o
                0x0000000008001400                NMI_Handler
 .text.HardFault_Handler
                0x0000000008001406        0x6 ./Core/Src/stm32f1xx_it.o
                0x0000000008001406                HardFault_Handler
 .text.MemManage_Handler
                0x000000000800140c        0x6 ./Core/Src/stm32f1xx_it.o
                0x000000000800140c                MemManage_Handler
 .text.BusFault_Handler
                0x0000000008001412        0x6 ./Core/Src/stm32f1xx_it.o
                0x0000000008001412                BusFault_Handler
 .text.UsageFault_Handler
                0x0000000008001418        0x6 ./Core/Src/stm32f1xx_it.o
                0x0000000008001418                UsageFault_Handler
 .text.SVC_Handler
                0x000000000800141e        0xc ./Core/Src/stm32f1xx_it.o
                0x000000000800141e                SVC_Handler
 .text.DebugMon_Handler
                0x000000000800142a        0xc ./Core/Src/stm32f1xx_it.o
                0x000000000800142a                DebugMon_Handler
 .text.PendSV_Handler
                0x0000000008001436        0xc ./Core/Src/stm32f1xx_it.o
                0x0000000008001436                PendSV_Handler
 .text.SysTick_Handler
                0x0000000008001442        0xc ./Core/Src/stm32f1xx_it.o
                0x0000000008001442                SysTick_Handler
 .text.SystemInit
                0x000000000800144e        0xc ./Core/Src/system_stm32f1xx.o
                0x000000000800144e                SystemInit
 *fill*         0x000000000800145a        0x2 
 .text.Reset_Handler
                0x000000000800145c       0x48 ./Core/Startup/startup_stm32f103rbtx.o
                0x000000000800145c                Reset_Handler
 .text.Default_Handler
                0x00000000080014a4        0x2 ./Core/Startup/startup_stm32f103rbtx.o
                0x00000000080014a4                RTC_Alarm_IRQHandler
                0x00000000080014a4                EXTI2_IRQHandler
                0x00000000080014a4                TIM1_CC_IRQHandler
                0x00000000080014a4                PVD_IRQHandler
                0x00000000080014a4                EXTI3_IRQHandler
                0x00000000080014a4                EXTI0_IRQHandler
                0x00000000080014a4                I2C2_EV_IRQHandler
                0x00000000080014a4                ADC1_2_IRQHandler
                0x00000000080014a4                SPI1_IRQHandler
                0x00000000080014a4                TAMPER_IRQHandler
                0x00000000080014a4                DMA1_Channel4_IRQHandler
                0x00000000080014a4                USART3_IRQHandler
                0x00000000080014a4                RTC_IRQHandler
                0x00000000080014a4                DMA1_Channel7_IRQHandler
                0x00000000080014a4                CAN1_RX1_IRQHandler
                0x00000000080014a4                TIM4_IRQHandler
                0x00000000080014a4                I2C1_EV_IRQHandler
                0x00000000080014a4                DMA1_Channel6_IRQHandler
                0x00000000080014a4                TIM3_IRQHandler
                0x00000000080014a4                RCC_IRQHandler
                0x00000000080014a4                TIM1_TRG_COM_IRQHandler
                0x00000000080014a4                DMA1_Channel1_IRQHandler
                0x00000000080014a4                Default_Handler
                0x00000000080014a4                EXTI15_10_IRQHandler
                0x00000000080014a4                EXTI9_5_IRQHandler
                0x00000000080014a4                SPI2_IRQHandler
                0x00000000080014a4                DMA1_Channel5_IRQHandler
                0x00000000080014a4                EXTI4_IRQHandler
                0x00000000080014a4                USB_LP_CAN1_RX0_IRQHandler
                0x00000000080014a4                USB_HP_CAN1_TX_IRQHandler
                0x00000000080014a4                DMA1_Channel3_IRQHandler
                0x00000000080014a4                TIM1_UP_IRQHandler
                0x00000000080014a4                WWDG_IRQHandler
                0x00000000080014a4                TIM2_IRQHandler
                0x00000000080014a4                TIM1_BRK_IRQHandler
                0x00000000080014a4                EXTI1_IRQHandler
                0x00000000080014a4                USART2_IRQHandler
                0x00000000080014a4                I2C2_ER_IRQHandler
                0x00000000080014a4                DMA1_Channel2_IRQHandler
                0x00000000080014a4                CAN1_SCE_IRQHandler
                0x00000000080014a4                FLASH_IRQHandler
                0x00000000080014a4                USART1_IRQHandler
                0x00000000080014a4                I2C1_ER_IRQHandler
                0x00000000080014a4                USBWakeUp_IRQHandler
 *fill*         0x00000000080014a6        0x2 
 .text.HAL_Init
                0x00000000080014a8       0x2c ./Drivers/STM32F1xx_HAL_Driver/Src/stm32f1xx_hal.o
                0x00000000080014a8                HAL_Init
 .text.HAL_InitTick
                0x00000000080014d4       0x60 ./Drivers/STM32F1xx_HAL_Driver/Src/stm32f1xx_hal.o
                0x00000000080014d4                HAL_InitTick
 .text.HAL_IncTick
                0x0000000008001534       0x24 ./Drivers/STM32F1xx_HAL_Driver/Src/stm32f1xx_hal.o
                0x0000000008001534                HAL_IncTick
 .text.HAL_GetTick
                0x0000000008001558       0x14 ./Drivers/STM32F1xx_HAL_Driver/Src/stm32f1xx_hal.o
                0x0000000008001558                HAL_GetTick
 .text.__NVIC_SetPriorityGrouping
                0x000000000800156c       0x48 ./Drivers/STM32F1xx_HAL_Driver/Src/stm32f1xx_hal_cortex.o
 .text.__NVIC_GetPriorityGrouping
                0x00000000080015b4       0x1c ./Drivers/STM32F1xx_HAL_Driver/Src/stm32f1xx_hal_cortex.o
 .text.__NVIC_SetPriority
                0x00000000080015d0       0x54 ./Drivers/STM32F1xx_HAL_Driver/Src/stm32f1xx_hal_cortex.o
 .text.NVIC_EncodePriority
                0x0000000008001624       0x64 ./Drivers/STM32F1xx_HAL_Driver/Src/stm32f1xx_hal_cortex.o
 .text.SysTick_Config
                0x0000000008001688       0x44 ./Drivers/STM32F1xx_HAL_Driver/Src/stm32f1xx_hal_cortex.o
 .text.HAL_NVIC_SetPriorityGrouping
                0x00000000080016cc       0x16 ./Drivers/STM32F1xx_HAL_Driver/Src/stm32f1xx_hal_cortex.o
                0x00000000080016cc                HAL_NVIC_SetPriorityGrouping
 .text.HAL_NVIC_SetPriority
                0x00000000080016e2       0x38 ./Drivers/STM32F1xx_HAL_Driver/Src/stm32f1xx_hal_cortex.o
                0x00000000080016e2                HAL_NVIC_SetPriority
 .text.HAL_SYSTICK_Config
                0x000000000800171a       0x18 ./Drivers/STM32F1xx_HAL_Driver/Src/stm32f1xx_hal_cortex.o
                0x000000000800171a                HAL_SYSTICK_Config
 .text.HAL_CRC_Init
                0x0000000008001732       0x38 ./Drivers/STM32F1xx_HAL_Driver/Src/stm32f1xx_hal_crc.o
                0x0000000008001732                HAL_CRC_Init
 .text.HAL_CRC_Accumulate
                0x000000000800176a       0x54 ./Drivers/STM32F1xx_HAL_Driver/Src/stm32f1xx_hal_crc.o
                0x000000000800176a                HAL_CRC_Accumulate
 *fill*         0x00000000080017be        0x2 
 .text.HAL_FLASH_Program
                0x00000000080017c0       0xe0 ./Drivers/STM32F1xx_HAL_Driver/Src/stm32f1xx_hal_flash.o
                0x00000000080017c0                HAL_FLASH_Program
 .text.HAL_FLASH_Unlock
                0x00000000080018a0       0x4c ./Drivers/STM32F1xx_HAL_Driver/Src/stm32f1xx_hal_flash.o
                0x00000000080018a0                HAL_FLASH_Unlock
 .text.HAL_FLASH_Lock
                0x00000000080018ec       0x20 ./Drivers/STM32F1xx_HAL_Driver/Src/stm32f1xx_hal_flash.o
                0x00000000080018ec                HAL_FLASH_Lock
 .text.FLASH_Program_HalfWord
                0x000000000800190c       0x38 ./Drivers/STM32F1xx_HAL_Driver/Src/stm32f1xx_hal_flash.o
 .text.FLASH_WaitForLastOperation
                0x0000000008001944       0x8c ./Drivers/STM32F1xx_HAL_Driver/Src/stm32f1xx_hal_flash.o
                0x0000000008001944                FLASH_WaitForLastOperation
 .text.FLASH_SetErrorCode
                0x00000000080019d0       0xa0 ./Drivers/STM32F1xx_HAL_Driver/Src/stm32f1xx_hal_flash.o
 .text.HAL_FLASHEx_Erase
                0x0000000008001a70       0xd8 ./Drivers/STM32F1xx_HAL_Driver/Src/stm32f1xx_hal_flash_ex.o
                0x0000000008001a70                HAL_FLASHEx_Erase
 .text.FLASH_MassErase
                0x0000000008001b48       0x38 ./Drivers/STM32F1xx_HAL_Driver/Src/stm32f1xx_hal_flash_ex.o
 .text.FLASH_PageErase
                0x0000000008001b80       0x40 ./Drivers/STM32F1xx_HAL_Driver/Src/stm32f1xx_hal_flash_ex.o
                0x0000000008001b80                FLASH_PageErase
 .text.HAL_GPIO_Init
                0x0000000008001bc0      0x308 ./Drivers/STM32F1xx_HAL_Driver/Src/stm32f1xx_hal_gpio.o
                0x0000000008001bc0                HAL_GPIO_Init
 .text.HAL_GPIO_ReadPin
                0x0000000008001ec8       0x2e ./Drivers/STM32F1xx_HAL_Driver/Src/stm32f1xx_hal_gpio.o
                0x0000000008001ec8                HAL_GPIO_ReadPin
 .text.HAL_GPIO_WritePin
                0x0000000008001ef6       0x30 ./Drivers/STM32F1xx_HAL_Driver/Src/stm32f1xx_hal_gpio.o
                0x0000000008001ef6                HAL_GPIO_WritePin
 *fill*         0x0000000008001f26        0x2 
 .text.HAL_RCC_OscConfig
                0x0000000008001f28      0x500 ./Drivers/STM32F1xx_HAL_Driver/Src/stm32f1xx_hal_rcc.o
                0x0000000008001f28                HAL_RCC_OscConfig
 .text.HAL_RCC_ClockConfig
                0x0000000008002428      0x1d4 ./Drivers/STM32F1xx_HAL_Driver/Src/stm32f1xx_hal_rcc.o
                0x0000000008002428                HAL_RCC_ClockConfig
 .text.HAL_RCC_GetSysClockFreq
                0x00000000080025fc       0xa8 ./Drivers/STM32F1xx_HAL_Driver/Src/stm32f1xx_hal_rcc.o
                0x00000000080025fc                HAL_RCC_GetSysClockFreq
 .text.HAL_RCC_GetHCLKFreq
                0x00000000080026a4       0x14 ./Drivers/STM32F1xx_HAL_Driver/Src/stm32f1xx_hal_rcc.o
                0x00000000080026a4                HAL_RCC_GetHCLKFreq
 .text.HAL_RCC_GetPCLK1Freq
                0x00000000080026b8       0x28 ./Drivers/STM32F1xx_HAL_Driver/Src/stm32f1xx_hal_rcc.o
                0x00000000080026b8                HAL_RCC_GetPCLK1Freq
 .text.HAL_RCC_GetPCLK2Freq
                0x00000000080026e0       0x28 ./Drivers/STM32F1xx_HAL_Driver/Src/stm32f1xx_hal_rcc.o
                0x00000000080026e0                HAL_RCC_GetPCLK2Freq
 .text.RCC_Delay
                0x0000000008002708       0x3c ./Drivers/STM32F1xx_HAL_Driver/Src/stm32f1xx_hal_rcc.o
 .text.HAL_UART_Init
                0x0000000008002744       0xa0 ./Drivers/STM32F1xx_HAL_Driver/Src/stm32f1xx_hal_uart.o
                0x0000000008002744                HAL_UART_Init
 .text.HAL_UART_Transmit
                0x00000000080027e4      0x116 ./Drivers/STM32F1xx_HAL_Driver/Src/stm32f1xx_hal_uart.o
                0x00000000080027e4                HAL_UART_Transmit
 .text.HAL_UART_Receive
                0x00000000080028fa      0x12e ./Drivers/STM32F1xx_HAL_Driver/Src/stm32f1xx_hal_uart.o
                0x00000000080028fa                HAL_UART_Receive
 .text.UART_WaitOnFlagUntilTimeout
                0x0000000008002a28       0xb2 ./Drivers/STM32F1xx_HAL_Driver/Src/stm32f1xx_hal_uart.o
 .text.UART_EndRxTransfer
                0x0000000008002ada       0xc4 ./Drivers/STM32F1xx_HAL_Driver/Src/stm32f1xx_hal_uart.o
 *fill*         0x0000000008002b9e        0x2 
 .text.UART_SetConfig
                0x0000000008002ba0      0x11c ./Drivers/STM32F1xx_HAL_Driver/Src/stm32f1xx_hal_uart.o
 .text.__libc_init_array
                0x0000000008002cbc       0x48 c:/st/stm32cubeide_1.7.0/stm32cubeide/plugins/com.st.stm32cube.ide.mcu.externaltools.gnu-tools-for-stm32.9-2020-q2-update.win32_2.0.0.202105311346/tools/bin/../lib/gcc/arm-none-eabi/9.3.1/../../../../arm-none-eabi/lib/thumb/v7-m/nofp\libc_nano.a(lib_a-init.o)
                0x0000000008002cbc                __libc_init_array
 .text.memcmp   0x0000000008002d04       0x1c c:/st/stm32cubeide_1.7.0/stm32cubeide/plugins/com.st.stm32cube.ide.mcu.externaltools.gnu-tools-for-stm32.9-2020-q2-update.win32_2.0.0.202105311346/tools/bin/../lib/gcc/arm-none-eabi/9.3.1/../../../../arm-none-eabi/lib/thumb/v7-m/nofp\libc_nano.a(lib_a-memcmp.o)
                0x0000000008002d04                memcmp
 .text.memset   0x0000000008002d20       0x10 c:/st/stm32cubeide_1.7.0/stm32cubeide/plugins/com.st.stm32cube.ide.mcu.externaltools.gnu-tools-for-stm32.9-2020-q2-update.win32_2.0.0.202105311346/tools/bin/../lib/gcc/arm-none-eabi/9.3.1/../../../../arm-none-eabi/lib/thumb/v7-m/nofp\libc_nano.a(lib_a-memset.o)
                0x0000000008002d20                memset
 *(.glue_7)
 .glue_7        0x0000000008002d30        0x0 linker stubs
 *(.glue_7t)
 .glue_7t       0x0000000008002d30        0x0 linker stubs
 *(.eh_frame)
 .eh_frame      0x0000000008002d30        0x0 c:/st/stm32cubeide_1.7.0/stm32cubeide/plugins/com.st.stm32cube.ide.mcu.externaltools.gnu-tools-for-stm32.9-2020-q2-update.win32_2.0.0.202105311346/tools/bin/../lib/gcc/arm-none-eabi/9.3.1/thumb/v7-m/nofp/crtbegin.o
 *(.init)
 .init          0x0000000008002d30        0x4 c:/st/stm32cubeide_1.7.0/stm32cubeide/plugins/com.st.stm32cube.ide.mcu.externaltools.gnu-tools-for-stm32.9-2020-q2-update.win32_2.0.0.202105311346/tools/bin/../lib/gcc/arm-none-eabi/9.3.1/thumb/v7-m/nofp/crti.o
                0x0000000008002d30                _init
 .init          0x0000000008002d34        0x8 c:/st/stm32cubeide_1.7.0/stm32cubeide/plugins/com.st.stm32cube.ide.mcu.externaltools.gnu-tools-for-stm32.9-2020-q2-update.win32_2.0.0.202105311346/tools/bin/../lib/gcc/arm-none-eabi/9.3.1/thumb/v7-m/nofp/crtn.o
 *(.fini)
 .fini          0x0000000008002d3c        0x4 c:/st/stm32cubeide_1.7.0/stm32cubeide/plugins/com.st.stm32cube.ide.mcu.externaltools.gnu-tools-for-stm32.9-2020-q2-update.win32_2.0.0.202105311346/tools/bin/../lib/gcc/arm-none-eabi/9.3.1/thumb/v7-m/nofp/crti.o
                0x0000000008002d3c                _fini
 .fini          0x0000000008002d40        0x8 c:/st/stm32cubeide_1.7.0/stm32cubeide/plugins/com.st.stm32cube.ide.mcu.externaltools.gnu-tools-for-stm32.9-2020-q2-update.win32_2.0.0.202105311346/tools/bin/../lib/gcc/arm-none-eabi/9.3.1/thumb/v7-m/nofp/crtn.o
                0x0000000008002d48                . = ALIGN (0x4)
                0x0000000008002d48                _etext = .

.vfp11_veneer   0x0000000008002d48        0x0
 .vfp11_veneer  0x0000000008002d48        0x0 linker stubs

.v4_bx          0x0000000008002d48        0x0
 .v4_bx         0x0000000008002d48        0x0 linker stubs

.iplt           0x0000000008002d48        0x0
 .iplt          0x0000000008002d48        0x0 c:/st/stm32cubeide_1.7.0/stm32cubeide/plugins/com.st.stm32cube.ide.mcu.externaltools.gnu-tools-for-stm32.9-2020-q2-update.win32_2.0.0.202105311346/tools/bin/../lib/gcc/arm-none-eabi/9.3.1/thumb/v7-m/nofp/crtbegin.o

.rodata         0x0000000008002d48      0x1b0
                0x0000000008002d48                . = ALIGN (0x4)
 *(.rodata)
 .rodata        0x0000000008002d48       0x84 ./Core/Src/main.o
 *(.rodata*)
 .rodata.k      0x0000000008002dcc      0x100 ./Core/Src/sha256.o
 .rodata.AHBPrescTable
                0x0000000008002ecc       0x10 ./Core/Src/system_stm32f1xx.o
                0x0000000008002ecc                AHBPrescTable
 .rodata.APBPrescTable
                0x0000000008002edc        0x8 ./Core/Src/system_stm32f1xx.o
                0x0000000008002edc                APBPrescTable
 .rodata.aPLLMULFactorTable.5698
                0x0000000008002ee4       0x10 ./Drivers/STM32F1xx_HAL_Driver/Src/stm32f1xx_hal_rcc.o
 .rodata.aPredivFactorTable.5699
                0x0000000008002ef4        0x2 ./Drivers/STM32F1xx_HAL_Driver/Src/stm32f1xx_hal_rcc.o
                0x0000000008002ef8                . = ALIGN (0x4)
 *fill*         0x0000000008002ef6        0x2 

.rel.dyn        0x0000000008002ef8        0x0
 .rel.iplt      0x0000000008002ef8        0x0 c:/st/stm32cubeide_1.7.0/stm32cubeide/plugins/com.st.stm32cube.ide.mcu.externaltools.gnu-tools-for-stm32.9-2020-q2-update.win32_2.0.0.202105311346/tools/bin/../lib/gcc/arm-none-eabi/9.3.1/thumb/v7-m/nofp/crtbegin.o

.ARM.extab      0x0000000008002ef8        0x0
                0x0000000008002ef8                . = ALIGN (0x4)
 *(.ARM.extab* .gnu.linkonce.armextab.*)
                0x0000000008002ef8                . = ALIGN (0x4)

.ARM            0x0000000008002ef8        0x0
                0x0000000008002ef8                . = ALIGN (0x4)
                0x0000000008002ef8                __exidx_start = .
 *(.ARM.exidx*)
                0x0000000008002ef8                __exidx_end = .
                0x0000000008002ef8                . = ALIGN (0x4)

.preinit_array  0x0000000008002ef8        0x0
                0x0000000008002ef8                . = ALIGN (0x4)
                0x0000000008002ef8                PROVIDE (__preinit_array_start = .)
 *(.preinit_array*)
                0x0000000008002ef8                PROVIDE (__preinit_array_end = .)
                0x0000000008002ef8                . = ALIGN (0x4)

.init_array     0x0000000008002ef8        0x4
                0x0000000008002ef8                . = ALIGN (0x4)
                0x0000000008002ef8                PROVIDE (__init_array_start = .)
 *(SORT_BY_NAME(.init_array.*))
 *(.init_array*)
 .init_array    0x0000000008002ef8        0x4 c:/st/stm32cubeide_1.7.0/stm32cubeide/plugins/com.st.stm32cube.ide.mcu.externaltools.gnu-tools-for-stm32.9-2020-q2-update.win32_2.0.0.202105311346/tools/bin/../lib/gcc/arm-none-eabi/9.3.1/thumb/v7-m/nofp/crtbegin.o
                0x0000000008002efc                PROVIDE (__init_array_end = .)
                0x0000000008002efc                . = ALIGN (0x4)

.fini_array     0x0000000008002efc        0x4
                0x0000000008002efc                . = ALIGN (0x4)
                [!provide]                        PROVIDE (__fini_array_start = .)
 *(SORT_BY_NAME(.fini_array.*))
 *(.fini_array*)
 .fini_array    0x0000000008002efc        0x4 c:/st/stm32cubeide_1.7.0/stm32cubeide/plugins/com.st.stm32cube.ide.mcu.externaltools.gnu-tools-for-stm32.9-2020-q2-update.win32_2.0.0.202105311346/tools/bin/../lib/gcc/arm-none-eabi/9.3.1/thumb/v7-m/nofp/crtbegin.o
                [!provide]                        PROVIDE (__fini_array_end = .)
                0x0000000008002f00                . = ALIGN (0x4)
                0x0000000008002f00                _sidata = LOADADDR (.data)

.data           0x0000000020000000       0x18 load address 0x0000000008002f00
                0x0000000020000000                . = ALIGN (0x4)
                0x0000000020000000                _sdata = .
 *(.data)
 *(.data*)
 .data.help_command
                0x0000000020000000        0xc ./Core/Src/main.o
                0x0000000020000000                help_command
 .data.SystemCoreClock
                0x000000002000000c        0x4 ./Core/Src/system_stm32f1xx.o
                0x000000002000000c                SystemCoreClock
 .data.uwTickPrio
                0x0000000020000010        0x4 ./Drivers/STM32F1xx_HAL_Driver/Src/stm32f1xx_hal.o
                0x0000000020000010                uwTickPrio
 .data.uwTickFreq
                0x0000000020000014        0x1 ./Drivers/STM32F1xx_HAL_Driver/Src/stm32f1xx_hal.o
                0x0000000020000014                uwTickFreq
 *(.RamFunc)
 *(.RamFunc*)
                0x0000000020000018                . = ALIGN (0x4)
 *fill*         0x0000000020000015        0x3 
                0x0000000020000018                _edata = .

.igot.plt       0x0000000020000018        0x0 load address 0x0000000008002f18
 .igot.plt      0x0000000020000018        0x0 c:/st/stm32cubeide_1.7.0/stm32cubeide/plugins/com.st.stm32cube.ide.mcu.externaltools.gnu-tools-for-stm32.9-2020-q2-update.win32_2.0.0.202105311346/tools/bin/../lib/gcc/arm-none-eabi/9.3.1/thumb/v7-m/nofp/crtbegin.o
                0x0000000020000018                . = ALIGN (0x4)

.bss            0x0000000020000018      0x208 load address 0x0000000008002f18
                0x0000000020000018                _sbss = .
                0x0000000020000018                __bss_start__ = _sbss
 *(.bss)
 .bss           0x0000000020000018       0x1c c:/st/stm32cubeide_1.7.0/stm32cubeide/plugins/com.st.stm32cube.ide.mcu.externaltools.gnu-tools-for-stm32.9-2020-q2-update.win32_2.0.0.202105311346/tools/bin/../lib/gcc/arm-none-eabi/9.3.1/thumb/v7-m/nofp/crtbegin.o
 *(.bss*)
 .bss.expected_sha256_hash
                0x0000000020000034       0x20 ./Core/Src/main.o
                0x0000000020000034                expected_sha256_hash
 *(COMMON)
 COMMON         0x0000000020000054      0x1a8 ./Core/Src/main.o
                0x0000000020000054                huart3
                0x000000002000009c                hcrc
                0x00000000200000a4                huart1
                0x00000000200000ec                huart2
                0x0000000020000134                bl_rx_buffer
 COMMON         0x00000000200001fc        0x4 ./Drivers/STM32F1xx_HAL_Driver/Src/stm32f1xx_hal.o
                0x00000000200001fc                uwTick
 COMMON         0x0000000020000200       0x20 ./Drivers/STM32F1xx_HAL_Driver/Src/stm32f1xx_hal_flash.o
                0x0000000020000200                pFlash
                0x0000000020000220                . = ALIGN (0x4)
                0x0000000020000220                _ebss = .
                0x0000000020000220                __bss_end__ = _ebss

._user_heap_stack
                0x0000000020000220      0x600 load address 0x0000000008002f18
                0x0000000020000220                . = ALIGN (0x8)
                [!provide]                        PROVIDE (end = .)
                0x0000000020000220                PROVIDE (_end = .)
                0x0000000020000420                . = (. + _Min_Heap_Size)
 *fill*         0x0000000020000220      0x200 
                0x0000000020000820                . = (. + _Min_Stack_Size)
 *fill*         0x0000000020000420      0x400 
                0x0000000020000820                . = ALIGN (0x8)

/DISCARD/
 libc.a(*)
 libm.a(*)
 libgcc.a(*)

.ARM.attributes
                0x0000000000000000       0x29
 *(.ARM.attributes)
 .ARM.attributes
                0x0000000000000000       0x1d c:/st/stm32cubeide_1.7.0/stm32cubeide/plugins/com.st.stm32cube.ide.mcu.externaltools.gnu-tools-for-stm32.9-2020-q2-update.win32_2.0.0.202105311346/tools/bin/../lib/gcc/arm-none-eabi/9.3.1/thumb/v7-m/nofp/crti.o
 .ARM.attributes
                0x000000000000001d       0x2d c:/st/stm32cubeide_1.7.0/stm32cubeide/plugins/com.st.stm32cube.ide.mcu.externaltools.gnu-tools-for-stm32.9-2020-q2-update.win32_2.0.0.202105311346/tools/bin/../lib/gcc/arm-none-eabi/9.3.1/thumb/v7-m/nofp/crtbegin.o
 .ARM.attributes
                0x000000000000004a       0x2d ./Core/Src/main.o
 .ARM.attributes
                0x0000000000000077       0x2d ./Core/Src/sha256.o
 .ARM.attributes
                0x00000000000000a4       0x2d ./Core/Src/stm32f1xx_hal_msp.o
 .ARM.attributes
                0x00000000000000d1       0x2d ./Core/Src/stm32f1xx_it.o
 .ARM.attributes
                0x00000000000000fe       0x2d ./Core/Src/system_stm32f1xx.o
 .ARM.attributes
                0x000000000000012b       0x21 ./Core/Startup/startup_stm32f103rbtx.o
 .ARM.attributes
                0x000000000000014c       0x2d ./Drivers/STM32F1xx_HAL_Driver/Src/stm32f1xx_hal.o
 .ARM.attributes
                0x0000000000000179       0x2d ./Drivers/STM32F1xx_HAL_Driver/Src/stm32f1xx_hal_cortex.o
 .ARM.attributes
                0x00000000000001a6       0x2d ./Drivers/STM32F1xx_HAL_Driver/Src/stm32f1xx_hal_crc.o
 .ARM.attributes
                0x00000000000001d3       0x2d ./Drivers/STM32F1xx_HAL_Driver/Src/stm32f1xx_hal_flash.o
 .ARM.attributes
                0x0000000000000200       0x2d ./Drivers/STM32F1xx_HAL_Driver/Src/stm32f1xx_hal_flash_ex.o
 .ARM.attributes
                0x000000000000022d       0x2d ./Drivers/STM32F1xx_HAL_Driver/Src/stm32f1xx_hal_gpio.o
 .ARM.attributes
                0x000000000000025a       0x2d ./Drivers/STM32F1xx_HAL_Driver/Src/stm32f1xx_hal_rcc.o
 .ARM.attributes
                0x0000000000000287       0x2d ./Drivers/STM32F1xx_HAL_Driver/Src/stm32f1xx_hal_uart.o
 .ARM.attributes
                0x00000000000002b4       0x2d c:/st/stm32cubeide_1.7.0/stm32cubeide/plugins/com.st.stm32cube.ide.mcu.externaltools.gnu-tools-for-stm32.9-2020-q2-update.win32_2.0.0.202105311346/tools/bin/../lib/gcc/arm-none-eabi/9.3.1/../../../../arm-none-eabi/lib/thumb/v7-m/nofp\libc_nano.a(lib_a-init.o)
 .ARM.attributes
                0x00000000000002e1       0x2d c:/st/stm32cubeide_1.7.0/stm32cubeide/plugins/com.st.stm32cube.ide.mcu.externaltools.gnu-tools-for-stm32.9-2020-q2-update.win32_2.0.0.202105311346/tools/bin/../lib/gcc/arm-none-eabi/9.3.1/../../../../arm-none-eabi/lib/thumb/v7-m/nofp\libc_nano.a(lib_a-memcmp.o)
 .ARM.attributes
                0x000000000000030e       0x2d c:/st/stm32cubeide_1.7.0/stm32cubeide/plugins/com.st.stm32cube.ide.mcu.externaltools.gnu-tools-for-stm32.9-2020-q2-update.win32_2.0.0.202105311346/tools/bin/../lib/gcc/arm-none-eabi/9.3.1/../../../../arm-none-eabi/lib/thumb/v7-m/nofp\libc_nano.a(lib_a-memset.o)
 .ARM.attributes
                0x000000000000033b       0x17 c:/st/stm32cubeide_1.7.0/stm32cubeide/plugins/com.st.stm32cube.ide.mcu.externaltools.gnu-tools-for-stm32.9-2020-q2-update.win32_2.0.0.202105311346/tools/bin/../lib/gcc/arm-none-eabi/9.3.1/../../../../arm-none-eabi/lib/thumb/v7-m/nofp\libc_nano.a(lib_a-strlen.o)
 .ARM.attributes
                0x0000000000000352       0x1d c:/st/stm32cubeide_1.7.0/stm32cubeide/plugins/com.st.stm32cube.ide.mcu.externaltools.gnu-tools-for-stm32.9-2020-q2-update.win32_2.0.0.202105311346/tools/bin/../lib/gcc/arm-none-eabi/9.3.1/thumb/v7-m/nofp/crtn.o
OUTPUT(CustomBootloaderSTM32F103RB.elf elf32-littlearm)
LOAD linker stubs
LOAD c:/st/stm32cubeide_1.7.0/stm32cubeide/plugins/com.st.stm32cube.ide.mcu.externaltools.gnu-tools-for-stm32.9-2020-q2-update.win32_2.0.0.202105311346/tools/bin/../lib/gcc/arm-none-eabi/9.3.1/../../../../arm-none-eabi/lib/thumb/v7-m/nofp\libc.a
LOAD c:/st/stm32cubeide_1.7.0/stm32cubeide/plugins/com.st.stm32cube.ide.mcu.externaltools.gnu-tools-for-stm32.9-2020-q2-update.win32_2.0.0.202105311346/tools/bin/../lib/gcc/arm-none-eabi/9.3.1/../../../../arm-none-eabi/lib/thumb/v7-m/nofp\libm.a
LOAD c:/st/stm32cubeide_1.7.0/stm32cubeide/plugins/com.st.stm32cube.ide.mcu.externaltools.gnu-tools-for-stm32.9-2020-q2-update.win32_2.0.0.202105311346/tools/bin/../lib/gcc/arm-none-eabi/9.3.1/thumb/v7-m/nofp\libgcc.a

.debug_info     0x0000000000000000     0xa16a
 .debug_info    0x0000000000000000     0x1ee8 ./Core/Src/main.o
 .debug_info    0x0000000000001ee8      0xb9c ./Core/Src/sha256.o
 .debug_info    0x0000000000002a84      0xac1 ./Core/Src/stm32f1xx_hal_msp.o
 .debug_info    0x0000000000003545      0x222 ./Core/Src/stm32f1xx_it.o
 .debug_info    0x0000000000003767      0x2be ./Core/Src/system_stm32f1xx.o
 .debug_info    0x0000000000003a25       0x22 ./Core/Startup/startup_stm32f103rbtx.o
 .debug_info    0x0000000000003a47      0x76a ./Drivers/STM32F1xx_HAL_Driver/Src/stm32f1xx_hal.o
 .debug_info    0x00000000000041b1      0xbdc ./Drivers/STM32F1xx_HAL_Driver/Src/stm32f1xx_hal_cortex.o
 .debug_info    0x0000000000004d8d      0x485 ./Drivers/STM32F1xx_HAL_Driver/Src/stm32f1xx_hal_crc.o
 .debug_info    0x0000000000005212      0x5f3 ./Drivers/STM32F1xx_HAL_Driver/Src/stm32f1xx_hal_flash.o
 .debug_info    0x0000000000005805      0x8a2 ./Drivers/STM32F1xx_HAL_Driver/Src/stm32f1xx_hal_flash_ex.o
 .debug_info    0x00000000000060a7      0x701 ./Drivers/STM32F1xx_HAL_Driver/Src/stm32f1xx_hal_gpio.o
 .debug_info    0x00000000000067a8      0x893 ./Drivers/STM32F1xx_HAL_Driver/Src/stm32f1xx_hal_rcc.o
 .debug_info    0x000000000000703b     0x312f ./Drivers/STM32F1xx_HAL_Driver/Src/stm32f1xx_hal_uart.o

.debug_abbrev   0x0000000000000000     0x1ca2
 .debug_abbrev  0x0000000000000000      0x412 ./Core/Src/main.o
 .debug_abbrev  0x0000000000000412      0x1ec ./Core/Src/sha256.o
 .debug_abbrev  0x00000000000005fe      0x1c8 ./Core/Src/stm32f1xx_hal_msp.o
 .debug_abbrev  0x00000000000007c6       0xd2 ./Core/Src/stm32f1xx_it.o
 .debug_abbrev  0x0000000000000898      0x14e ./Core/Src/system_stm32f1xx.o
 .debug_abbrev  0x00000000000009e6       0x12 ./Core/Startup/startup_stm32f103rbtx.o
 .debug_abbrev  0x00000000000009f8      0x1ed ./Drivers/STM32F1xx_HAL_Driver/Src/stm32f1xx_hal.o
 .debug_abbrev  0x0000000000000be5      0x313 ./Drivers/STM32F1xx_HAL_Driver/Src/stm32f1xx_hal_cortex.o
 .debug_abbrev  0x0000000000000ef8      0x1dd ./Drivers/STM32F1xx_HAL_Driver/Src/stm32f1xx_hal_crc.o
 .debug_abbrev  0x00000000000010d5      0x23e ./Drivers/STM32F1xx_HAL_Driver/Src/stm32f1xx_hal_flash.o
 .debug_abbrev  0x0000000000001313      0x249 ./Drivers/STM32F1xx_HAL_Driver/Src/stm32f1xx_hal_flash_ex.o
 .debug_abbrev  0x000000000000155c      0x1e8 ./Drivers/STM32F1xx_HAL_Driver/Src/stm32f1xx_hal_gpio.o
 .debug_abbrev  0x0000000000001744      0x273 ./Drivers/STM32F1xx_HAL_Driver/Src/stm32f1xx_hal_rcc.o
 .debug_abbrev  0x00000000000019b7      0x2eb ./Drivers/STM32F1xx_HAL_Driver/Src/stm32f1xx_hal_uart.o

.debug_aranges  0x0000000000000000      0x878
 .debug_aranges
                0x0000000000000000      0x110 ./Core/Src/main.o
 .debug_aranges
                0x0000000000000110       0x38 ./Core/Src/sha256.o
 .debug_aranges
                0x0000000000000148       0x40 ./Core/Src/stm32f1xx_hal_msp.o
 .debug_aranges
                0x0000000000000188       0x60 ./Core/Src/stm32f1xx_it.o
 .debug_aranges
                0x00000000000001e8       0x28 ./Core/Src/system_stm32f1xx.o
 .debug_aranges
                0x0000000000000210       0x28 ./Core/Startup/startup_stm32f103rbtx.o
 .debug_aranges
                0x0000000000000238       0xe0 ./Drivers/STM32F1xx_HAL_Driver/Src/stm32f1xx_hal.o
 .debug_aranges
                0x0000000000000318      0x100 ./Drivers/STM32F1xx_HAL_Driver/Src/stm32f1xx_hal_cortex.o
 .debug_aranges
                0x0000000000000418       0x50 ./Drivers/STM32F1xx_HAL_Driver/Src/stm32f1xx_hal_crc.o
 .debug_aranges
                0x0000000000000468       0x88 ./Drivers/STM32F1xx_HAL_Driver/Src/stm32f1xx_hal_flash.o
 .debug_aranges
                0x00000000000004f0       0x98 ./Drivers/STM32F1xx_HAL_Driver/Src/stm32f1xx_hal_flash_ex.o
 .debug_aranges
                0x0000000000000588       0x58 ./Drivers/STM32F1xx_HAL_Driver/Src/stm32f1xx_hal_gpio.o
 .debug_aranges
                0x00000000000005e0       0x90 ./Drivers/STM32F1xx_HAL_Driver/Src/stm32f1xx_hal_rcc.o
 .debug_aranges
                0x0000000000000670      0x208 ./Drivers/STM32F1xx_HAL_Driver/Src/stm32f1xx_hal_uart.o

.debug_ranges   0x0000000000000000      0x7e8
 .debug_ranges  0x0000000000000000      0x118 ./Core/Src/main.o
 .debug_ranges  0x0000000000000118       0x28 ./Core/Src/sha256.o
 .debug_ranges  0x0000000000000140       0x30 ./Core/Src/stm32f1xx_hal_msp.o
 .debug_ranges  0x0000000000000170       0x50 ./Core/Src/stm32f1xx_it.o
 .debug_ranges  0x00000000000001c0       0x18 ./Core/Src/system_stm32f1xx.o
 .debug_ranges  0x00000000000001d8       0x20 ./Core/Startup/startup_stm32f103rbtx.o
 .debug_ranges  0x00000000000001f8       0xd0 ./Drivers/STM32F1xx_HAL_Driver/Src/stm32f1xx_hal.o
 .debug_ranges  0x00000000000002c8       0xf0 ./Drivers/STM32F1xx_HAL_Driver/Src/stm32f1xx_hal_cortex.o
 .debug_ranges  0x00000000000003b8       0x40 ./Drivers/STM32F1xx_HAL_Driver/Src/stm32f1xx_hal_crc.o
 .debug_ranges  0x00000000000003f8       0x78 ./Drivers/STM32F1xx_HAL_Driver/Src/stm32f1xx_hal_flash.o
 .debug_ranges  0x0000000000000470       0x88 ./Drivers/STM32F1xx_HAL_Driver/Src/stm32f1xx_hal_flash_ex.o
 .debug_ranges  0x00000000000004f8       0x48 ./Drivers/STM32F1xx_HAL_Driver/Src/stm32f1xx_hal_gpio.o
 .debug_ranges  0x0000000000000540       0x80 ./Drivers/STM32F1xx_HAL_Driver/Src/stm32f1xx_hal_rcc.o
 .debug_ranges  0x00000000000005c0      0x228 ./Drivers/STM32F1xx_HAL_Driver/Src/stm32f1xx_hal_uart.o

.debug_macro    0x0000000000000000    0x17430
 .debug_macro   0x0000000000000000      0x29e ./Core/Src/main.o
 .debug_macro   0x000000000000029e      0xa9c ./Core/Src/main.o
 .debug_macro   0x0000000000000d3a      0x21b ./Core/Src/main.o
 .debug_macro   0x0000000000000f55       0x2e ./Core/Src/main.o
 .debug_macro   0x0000000000000f83       0x22 ./Core/Src/main.o
 .debug_macro   0x0000000000000fa5       0x22 ./Core/Src/main.o
 .debug_macro   0x0000000000000fc7       0x8e ./Core/Src/main.o
 .debug_macro   0x0000000000001055       0x51 ./Core/Src/main.o
 .debug_macro   0x00000000000010a6      0x103 ./Core/Src/main.o
 .debug_macro   0x00000000000011a9       0x6a ./Core/Src/main.o
 .debug_macro   0x0000000000001213      0x1df ./Core/Src/main.o
 .debug_macro   0x00000000000013f2       0x1c ./Core/Src/main.o
 .debug_macro   0x000000000000140e       0x22 ./Core/Src/main.o
 .debug_macro   0x0000000000001430       0xc3 ./Core/Src/main.o
 .debug_macro   0x00000000000014f3      0xd23 ./Core/Src/main.o
 .debug_macro   0x0000000000002216     0xe09e ./Core/Src/main.o
 .debug_macro   0x00000000000102b4       0x6d ./Core/Src/main.o
 .debug_macro   0x0000000000010321     0x34a2 ./Core/Src/main.o
 .debug_macro   0x00000000000137c3      0x174 ./Core/Src/main.o
 .debug_macro   0x0000000000013937       0x5c ./Core/Src/main.o
 .debug_macro   0x0000000000013993      0x5bc ./Core/Src/main.o
 .debug_macro   0x0000000000013f4f      0x289 ./Core/Src/main.o
 .debug_macro   0x00000000000141d8      0x1cb ./Core/Src/main.o
 .debug_macro   0x00000000000143a3      0x114 ./Core/Src/main.o
 .debug_macro   0x00000000000144b7      0x1b2 ./Core/Src/main.o
 .debug_macro   0x0000000000014669       0x27 ./Core/Src/main.o
 .debug_macro   0x0000000000014690      0x136 ./Core/Src/main.o
 .debug_macro   0x00000000000147c6      0x1bc ./Core/Src/main.o
 .debug_macro   0x0000000000014982       0x34 ./Core/Src/main.o
 .debug_macro   0x00000000000149b6       0x3c ./Core/Src/main.o
 .debug_macro   0x00000000000149f2       0x57 ./Core/Src/main.o
 .debug_macro   0x0000000000014a49       0x22 ./Core/Src/main.o
 .debug_macro   0x0000000000014a6b       0x87 ./Core/Src/main.o
 .debug_macro   0x0000000000014af2      0x240 ./Core/Src/main.o
 .debug_macro   0x0000000000014d32      0x140 ./Core/Src/main.o
 .debug_macro   0x0000000000014e72      0x28e ./Core/Src/main.o
 .debug_macro   0x0000000000015100       0x83 ./Core/Src/main.o
 .debug_macro   0x0000000000015183       0xdc ./Core/Src/main.o
 .debug_macro   0x000000000001525f       0x52 ./Core/Src/main.o
 .debug_macro   0x00000000000152b1       0x18 ./Core/Src/main.o
 .debug_macro   0x00000000000152c9       0x3c ./Core/Src/main.o
 .debug_macro   0x0000000000015305       0x34 ./Core/Src/main.o
 .debug_macro   0x0000000000015339       0x16 ./Core/Src/main.o
 .debug_macro   0x000000000001534f       0x43 ./Core/Src/main.o
 .debug_macro   0x0000000000015392       0x34 ./Core/Src/main.o
 .debug_macro   0x00000000000153c6       0x10 ./Core/Src/main.o
 .debug_macro   0x00000000000153d6       0x58 ./Core/Src/main.o
 .debug_macro   0x000000000001542e       0x71 ./Core/Src/main.o
 .debug_macro   0x000000000001549f       0x1c ./Core/Src/main.o
 .debug_macro   0x00000000000154bb      0x12a ./Core/Src/main.o
 .debug_macro   0x00000000000155e5      0x333 ./Core/Src/main.o
 .debug_macro   0x0000000000015918       0x10 ./Core/Src/main.o
 .debug_macro   0x0000000000015928       0x35 ./Core/Src/main.o
 .debug_macro   0x000000000001595d       0x20 ./Core/Src/main.o
 .debug_macro   0x000000000001597d       0x58 ./Core/Src/main.o
 .debug_macro   0x00000000000159d5      0x181 ./Core/Src/sha256.o
 .debug_macro   0x0000000000015b56       0x4c ./Core/Src/sha256.o
 .debug_macro   0x0000000000015ba2       0x94 ./Core/Src/sha256.o
 .debug_macro   0x0000000000015c36       0x16 ./Core/Src/sha256.o
 .debug_macro   0x0000000000015c4c      0x10e ./Core/Src/sha256.o
 .debug_macro   0x0000000000015d5a       0x8d ./Core/Src/sha256.o
 .debug_macro   0x0000000000015de7       0x57 ./Core/Src/sha256.o
 .debug_macro   0x0000000000015e3e      0x339 ./Core/Src/sha256.o
 .debug_macro   0x0000000000016177       0x16 ./Core/Src/sha256.o
 .debug_macro   0x000000000001618d       0x29 ./Core/Src/sha256.o
 .debug_macro   0x00000000000161b6       0x16 ./Core/Src/sha256.o
 .debug_macro   0x00000000000161cc      0x1a7 ./Core/Src/stm32f1xx_hal_msp.o
 .debug_macro   0x0000000000016373      0x1b1 ./Core/Src/stm32f1xx_it.o
 .debug_macro   0x0000000000016524      0x198 ./Core/Src/system_stm32f1xx.o
 .debug_macro   0x00000000000166bc      0x1bc ./Drivers/STM32F1xx_HAL_Driver/Src/stm32f1xx_hal.o
 .debug_macro   0x0000000000016878      0x198 ./Drivers/STM32F1xx_HAL_Driver/Src/stm32f1xx_hal_cortex.o
 .debug_macro   0x0000000000016a10      0x198 ./Drivers/STM32F1xx_HAL_Driver/Src/stm32f1xx_hal_crc.o
 .debug_macro   0x0000000000016ba8      0x198 ./Drivers/STM32F1xx_HAL_Driver/Src/stm32f1xx_hal_flash.o
 .debug_macro   0x0000000000016d40      0x1aa ./Drivers/STM32F1xx_HAL_Driver/Src/stm32f1xx_hal_flash_ex.o
 .debug_macro   0x0000000000016eea      0x203 ./Drivers/STM32F1xx_HAL_Driver/Src/stm32f1xx_hal_gpio.o
 .debug_macro   0x00000000000170ed      0x1aa ./Drivers/STM32F1xx_HAL_Driver/Src/stm32f1xx_hal_rcc.o
 .debug_macro   0x0000000000017297      0x199 ./Drivers/STM32F1xx_HAL_Driver/Src/stm32f1xx_hal_uart.o

.debug_line     0x0000000000000000     0x9bdc
 .debug_line    0x0000000000000000      0xe65 ./Core/Src/main.o
 .debug_line    0x0000000000000e65      0x8ba ./Core/Src/sha256.o
 .debug_line    0x000000000000171f      0x75e ./Core/Src/stm32f1xx_hal_msp.o
 .debug_line    0x0000000000001e7d      0x725 ./Core/Src/stm32f1xx_it.o
 .debug_line    0x00000000000025a2      0x6e1 ./Core/Src/system_stm32f1xx.o
 .debug_line    0x0000000000002c83       0x86 ./Core/Startup/startup_stm32f103rbtx.o
 .debug_line    0x0000000000002d09      0x90e ./Drivers/STM32F1xx_HAL_Driver/Src/stm32f1xx_hal.o
 .debug_line    0x0000000000003617      0xaf6 ./Drivers/STM32F1xx_HAL_Driver/Src/stm32f1xx_hal_cortex.o
 .debug_line    0x000000000000410d      0x7a9 ./Drivers/STM32F1xx_HAL_Driver/Src/stm32f1xx_hal_crc.o
 .debug_line    0x00000000000048b6      0x9cd ./Drivers/STM32F1xx_HAL_Driver/Src/stm32f1xx_hal_flash.o
 .debug_line    0x0000000000005283      0xac3 ./Drivers/STM32F1xx_HAL_Driver/Src/stm32f1xx_hal_flash_ex.o
 .debug_line    0x0000000000005d46      0x9a7 ./Drivers/STM32F1xx_HAL_Driver/Src/stm32f1xx_hal_gpio.o
 .debug_line    0x00000000000066ed      0xd1a ./Drivers/STM32F1xx_HAL_Driver/Src/stm32f1xx_hal_rcc.o
 .debug_line    0x0000000000007407     0x27d5 ./Drivers/STM32F1xx_HAL_Driver/Src/stm32f1xx_hal_uart.o

.debug_str      0x0000000000000000    0x827e4
 .debug_str     0x0000000000000000    0x80936 ./Core/Src/main.o
                                      0x80dde (size before relaxing)
 .debug_str     0x0000000000080936      0x2f4 ./Core/Src/sha256.o
                                       0x69f9 (size before relaxing)
 .debug_str     0x0000000000080c2a       0x9c ./Core/Src/stm32f1xx_hal_msp.o
                                      0x7d386 (size before relaxing)
 .debug_str     0x0000000000080cc6       0xbd ./Core/Src/stm32f1xx_it.o
                                      0x7ce85 (size before relaxing)
 .debug_str     0x0000000000080d83       0x52 ./Core/Src/system_stm32f1xx.o
                                      0x7cb9a (size before relaxing)
 .debug_str     0x0000000000080dd5       0x36 ./Core/Startup/startup_stm32f103rbtx.o
                                         0x8c (size before relaxing)
 .debug_str     0x0000000000080e0b      0x552 ./Drivers/STM32F1xx_HAL_Driver/Src/stm32f1xx_hal.o
                                      0x7d22b (size before relaxing)
 .debug_str     0x000000000008135d      0x2a0 ./Drivers/STM32F1xx_HAL_Driver/Src/stm32f1xx_hal_cortex.o
                                      0x7d233 (size before relaxing)
 .debug_str     0x00000000000815fd       0xa2 ./Drivers/STM32F1xx_HAL_Driver/Src/stm32f1xx_hal_crc.o
                                      0x7cd08 (size before relaxing)
 .debug_str     0x000000000008169f      0x280 ./Drivers/STM32F1xx_HAL_Driver/Src/stm32f1xx_hal_flash.o
                                      0x7ce70 (size before relaxing)
 .debug_str     0x000000000008191f      0x32e ./Drivers/STM32F1xx_HAL_Driver/Src/stm32f1xx_hal_flash_ex.o
                                      0x7d034 (size before relaxing)
 .debug_str     0x0000000000081c4d      0x31f ./Drivers/STM32F1xx_HAL_Driver/Src/stm32f1xx_hal_gpio.o
                                      0x7cf5e (size before relaxing)
 .debug_str     0x0000000000081f6c      0x24f ./Drivers/STM32F1xx_HAL_Driver/Src/stm32f1xx_hal_rcc.o
                                      0x7cf97 (size before relaxing)
 .debug_str     0x00000000000821bb      0x629 ./Drivers/STM32F1xx_HAL_Driver/Src/stm32f1xx_hal_uart.o
                                      0x7d5ef (size before relaxing)

.comment        0x0000000000000000       0x53
 .comment       0x0000000000000000       0x53 ./Core/Src/main.o
                                         0x54 (size before relaxing)
 .comment       0x0000000000000053       0x54 ./Core/Src/sha256.o
 .comment       0x0000000000000053       0x54 ./Core/Src/stm32f1xx_hal_msp.o
 .comment       0x0000000000000053       0x54 ./Core/Src/stm32f1xx_it.o
 .comment       0x0000000000000053       0x54 ./Core/Src/system_stm32f1xx.o
 .comment       0x0000000000000053       0x54 ./Drivers/STM32F1xx_HAL_Driver/Src/stm32f1xx_hal.o
 .comment       0x0000000000000053       0x54 ./Drivers/STM32F1xx_HAL_Driver/Src/stm32f1xx_hal_cortex.o
 .comment       0x0000000000000053       0x54 ./Drivers/STM32F1xx_HAL_Driver/Src/stm32f1xx_hal_crc.o
 .comment       0x0000000000000053       0x54 ./Drivers/STM32F1xx_HAL_Driver/Src/stm32f1xx_hal_flash.o
 .comment       0x0000000000000053       0x54 ./Drivers/STM32F1xx_HAL_Driver/Src/stm32f1xx_hal_flash_ex.o
 .comment       0x0000000000000053       0x54 ./Drivers/STM32F1xx_HAL_Driver/Src/stm32f1xx_hal_gpio.o
 .comment       0x0000000000000053       0x54 ./Drivers/STM32F1xx_HAL_Driver/Src/stm32f1xx_hal_rcc.o
 .comment       0x0000000000000053       0x54 ./Drivers/STM32F1xx_HAL_Driver/Src/stm32f1xx_hal_uart.o

.debug_frame    0x0000000000000000     0x2124
 .debug_frame   0x0000000000000000      0x444 ./Core/Src/main.o
 .debug_frame   0x0000000000000444       0xb4 ./Core/Src/sha256.o
 .debug_frame   0x00000000000004f8       0xd0 ./Core/Src/stm32f1xx_hal_msp.o
 .debug_frame   0x00000000000005c8      0x104 ./Core/Src/stm32f1xx_it.o
 .debug_frame   0x00000000000006cc       0x58 ./Core/Src/system_stm32f1xx.o
 .debug_frame   0x0000000000000724      0x334 ./Drivers/STM32F1xx_HAL_Driver/Src/stm32f1xx_hal.o
 .debug_frame   0x0000000000000a58      0x428 ./Drivers/STM32F1xx_HAL_Driver/Src/stm32f1xx_hal_cortex.o
 .debug_frame   0x0000000000000e80      0x120 ./Drivers/STM32F1xx_HAL_Driver/Src/stm32f1xx_hal_crc.o
 .debug_frame   0x0000000000000fa0      0x20c ./Drivers/STM32F1xx_HAL_Driver/Src/stm32f1xx_hal_flash.o
 .debug_frame   0x00000000000011ac      0x258 ./Drivers/STM32F1xx_HAL_Driver/Src/stm32f1xx_hal_flash_ex.o
 .debug_frame   0x0000000000001404      0x14c ./Drivers/STM32F1xx_HAL_Driver/Src/stm32f1xx_hal_gpio.o
 .debug_frame   0x0000000000001550      0x218 ./Drivers/STM32F1xx_HAL_Driver/Src/stm32f1xx_hal_rcc.o
 .debug_frame   0x0000000000001768      0x944 ./Drivers/STM32F1xx_HAL_Driver/Src/stm32f1xx_hal_uart.o
 .debug_frame   0x00000000000020ac       0x2c c:/st/stm32cubeide_1.7.0/stm32cubeide/plugins/com.st.stm32cube.ide.mcu.externaltools.gnu-tools-for-stm32.9-2020-q2-update.win32_2.0.0.202105311346/tools/bin/../lib/gcc/arm-none-eabi/9.3.1/../../../../arm-none-eabi/lib/thumb/v7-m/nofp\libc_nano.a(lib_a-init.o)
 .debug_frame   0x00000000000020d8       0x2c c:/st/stm32cubeide_1.7.0/stm32cubeide/plugins/com.st.stm32cube.ide.mcu.externaltools.gnu-tools-for-stm32.9-2020-q2-update.win32_2.0.0.202105311346/tools/bin/../lib/gcc/arm-none-eabi/9.3.1/../../../../arm-none-eabi/lib/thumb/v7-m/nofp\libc_nano.a(lib_a-memcmp.o)
 .debug_frame   0x0000000000002104       0x20 c:/st/stm32cubeide_1.7.0/stm32cubeide/plugins/com.st.stm32cube.ide.mcu.externaltools.gnu-tools-for-stm32.9-2020-q2-update.win32_2.0.0.202105311346/tools/bin/../lib/gcc/arm-none-eabi/9.3.1/../../../../arm-none-eabi/lib/thumb/v7-m/nofp\libc_nano.a(lib_a-memset.o)
