main.c:69:6:send_uart_message	16	static
main.c:72:6:printmsg	16	static
main.c:76:6:bootloader_uart_read_data	16	static
main.c:98:6:bootloader_jump_to_user_app	24	static,ignoring_inline_asm
main.c:130:5:main	8	static
main.c:187:6:SystemClock_Config	72	static
main.c:223:13:MX_CRC_Init	8	static
main.c:249:13:MX_USART1_UART_Init	8	static
main.c:282:13:MX_USART2_UART_Init	8	static
main.c:315:13:MX_USART3_UART_Init	8	static
main.c:348:13:MX_GPIO_Init	40	static
main.c:385:6:bootloader_handle_getver_cmd	80	static
main.c:431:6:bootloader_send_ack	24	static
main.c:440:6:bootloader_send_nack	16	static
main.c:445:9:bootloader_verify_crc	40	static
main.c:465:10:get_bootloader_version	4	static
main.c:469:6:bootloader_uart_write_data	16	static
main.c:492:6:Error_Handler	4	static,ignoring_inline_asm
