main.c:71:6:send_uart_message	16	static
main.c:74:6:printmsg	16	static
main.c:78:6:bootloader_uart_read_data	16	static
main.c:111:6:bootloader_jump_to_user_app	24	static,ignoring_inline_asm
main.c:143:5:main	8	static
main.c:200:6:SystemClock_Config	72	static
main.c:236:13:MX_CRC_Init	8	static
main.c:262:13:MX_USART1_UART_Init	8	static
main.c:295:13:MX_USART2_UART_Init	8	static
main.c:328:13:MX_USART3_UART_Init	8	static
main.c:361:13:MX_GPIO_Init	40	static
main.c:398:6:bootloader_handle_getver_cmd	32	static
main.c:426:6:bootloader_handle_gethelp_cmd	24	static
main.c:443:6:bootloader_handle_getcid_cmd	32	static
main.c:460:6:bootloader_handle_getrdp_cmd	32	static
main.c:479:6:bootloader_handle_go_cmd	40	static,ignoring_inline_asm
main.c:522:6:bootloader_send_ack	24	static
main.c:531:6:bootloader_send_nack	16	static
main.c:536:9:bootloader_verify_crc	40	static
main.c:556:10:get_bootloader_version	4	static
main.c:560:6:bootloader_uart_write_data	16	static
main.c:567:10:get_mcu_chip_id	16	static
main.c:572:9:get_flash_rdp_level	16	static
main.c:579:9:verify_address	16	static
main.c:606:6:Error_Handler	4	static,ignoring_inline_asm
